﻿
> emora-website@0.0.0 build
> vite build

[36mvite v8.0.0 [32mbuilding client environment for production...[36m[39m
[2K
transforming...Γ£ô 9 modules transformed.
node.exe : 
[31mΓ£ù[39m Build 
failed in 230ms
At line:1 char:1
+ & "C:\Program Files\
nodejs/node.exe" "C:\U
sers\User\AppData\Roam
ing\n ...
+ ~~~~~~~~~~~~~~~~~~~~
~~~~~~~~~~~~~~~~~~~~~~
~~~~~~~~~~~~~~~~~~~~~~
~~~~~
    + CategoryInfo    
          : NotSpeci  
  fied: ([31mΓ£ù[   
 39m Build failed     
in 230ms:String)     
[], RemoteExcepti    
on
    + FullyQualifiedE 
   rrorId : NativeCo  
  mmandError
 
[31merror during 
build:
[31mBuild failed 
with 1 error:

[plugin vite:css] C:/U
sers/User/OneDrive/Des
ktop/Emora Website/src
/style.css:undefined:N
aN
Error: [postcss] It 
looks like you're 
trying to use 
`tailwindcss` 
directly as a PostCSS 
plugin. The PostCSS 
plugin has moved to a 
separate package, so 
to continue using 
Tailwind CSS with 
PostCSS you'll need 
to install `@tailwindc
ss/postcss` and 
update your PostCSS 
configuration.
    at at (C:\Users\Us
er\OneDrive\Desktop\Em
ora Website\node_modul
es\tailwindcss\dist\li
b.js:38:1643)
    at 
LazyResult.runOnRoot (
C:\Users\User\OneDrive
\Desktop\Emora Website
\node_modules\postcss\
lib\lazy-result.js:361
:16)
    at 
LazyResult.runAsync (C
:\Users\User\OneDrive\
Desktop\Emora Website\
node_modules\postcss\l
ib\lazy-result.js:290:
26)
    at async 
runPostCSS (file:///C:
/Users/User/OneDrive/D
esktop/Emora%20Website
/node_modules/vite/dis
t/node/chunks/node.js:
20913:19)
    at async 
compilePostCSS (file:/
//C:/Users/User/OneDri
ve/Desktop/Emora%20Web
site/node_modules/vite
/dist/node/chunks/node
.js:20897:6)
    at async 
compileCSS (file:///C:
/Users/User/OneDrive/D
esktop/Emora%20Website
/node_modules/vite/dis
t/node/chunks/node.js:
20827:26)
    at async Transform
PluginContextImpl.hand
ler (file:///C:/Users/
User/OneDrive/Desktop/
Emora%20Website/node_m
odules/vite/dist/node/
chunks/node.js:20343:4
7)
    at async plugin (f
ile:///C:/Users/User/O
neDrive/Desktop/Emora%
20Website/node_modules
/rolldown/dist/shared/
bindingify-input-optio
ns-Cu7pt6SZ.mjs:1106:1
6)
    at async 
plugin.<computed> (fil
e:///C:/Users/User/One
Drive/Desktop/Emora%20
Website/node_modules/r
olldown/dist/shared/bi
ndingify-input-options
-Cu7pt6SZ.mjs:1570:12)
[31m
    at aggregateBindin
gErrorsIntoJsError (fi
le:///C:/Users/User/On
eDrive/Desktop/Emora%2
0Website/node_modules/
rolldown/dist/shared/e
rror-CP8smW_P.mjs:48:1
8)
    at 
unwrapBindingResult (f
ile:///C:/Users/User/O
neDrive/Desktop/Emora%
20Website/node_modules
/rolldown/dist/shared/
error-CP8smW_P.mjs:18:
128)
    at #build (file://
/C:/Users/User/OneDriv
e/Desktop/Emora%20Webs
ite/node_modules/rolld
own/dist/shared/rolldo
wn-build-4YnQkA76.mjs:
3311:34)
    at async 
buildEnvironment (file
:///C:/Users/User/OneD
rive/Desktop/Emora%20W
ebsite/node_modules/vi
te/dist/node/chunks/no
de.js:32794:64)
    at async 
Object.build (file:///
C:/Users/User/OneDrive
/Desktop/Emora%20Websi
te/node_modules/vite/d
ist/node/chunks/node.j
s:33216:19)
    at async 
Object.buildApp (file:
///C:/Users/User/OneDr
ive/Desktop/Emora%20We
bsite/node_modules/vit
e/dist/node/chunks/nod
e.js:33213:153)
    at async 
CAC.<anonymous> (file:
///C:/Users/User/OneDr
ive/Desktop/Emora%20We
bsite/node_modules/vit
e/dist/node/cli.js:778
:3) {
  errors: 
[Getter/Setter]
}[39m
